<html>
<body>
<pre>
<h1>µVision Build Log</h1>
<h2>Project:</h2>
C:\Users\i2771\Desktop\Lab15_SpaceInvaders\SpaceInvaders.uvproj
Project File Date:  05/18/2017

<h2>Output:</h2>
Rebuild target 'SpaceInvaders'
assembling startup.s...
compiling Nokia5110.c...
assembling random.s...
compiling SpaceInvaders.c...
SpaceInvaders.c(202): warning:  #1-D: last line of file ends without a newline
  }
SpaceInvaders.c: 1 warning, 0 errors
compiling TExaS.c...
linking...
Program Size: Code=6632 RO-data=2276 RW-data=80 ZI-data=1984  
".\SpaceInvaders.axf" - 0 Error(s), 1 Warning(s).
Load "C:\\Users\\i2771\\Desktop\\Lab15_SpaceInvaders\\SpaceInvaders.axf" 
Connecting: Mode=JTAG, Speed=1000000Hz
Erase Done.
Programming Done.
Verify OK.
nnot open file
Error: Flash Download failed  -  Could not load file 'C:\Users\i2771\Desktop\Lab15_SpaceInvaders\SpaceInvaders.axf'
Load "C:\\Users\\i2771\\Desktop\\Lab15_SpaceInvaders\\SpaceInvaders.axf" 
_____^
*** error 56: cannot open file
Error: Flash Download failed  -  Could not load file 'C:\Users\i2771\Desktop\Lab15_SpaceInvaders\SpaceInvaders.axf'
Load "C:\\Users\\i2771\\Desktop\\Lab15_SpaceInvaders\\SpaceInvaders.axf" 
_____^
*** error 56: cannot open file
Error: Flash Download failed  -  Could not load file 'C:\Users\i2771\Desktop\Lab15_SpaceInvaders\SpaceInvaders.axf'
Load "C:\\Users\\i2771\\Desktop\\Lab15_SpaceInvaders\\SpaceInvaders.axf" 
_____^
*** error 56: cannot open file
Error: Flash Download failed  -  Could not load file 'C:\Users\i2771\Desktop\Lab15_SpaceInvaders\SpaceInvaders.axf'
