ARM Linker, 5.03 [Build 76] [MDK-ARM Lite]

==============================================================================

Section Cross References

    startup.o(STACK) refers (Special) to heapauxi.o(.text) for __use_two_region_memory
    startup.o(HEAP) refers (Special) to heapauxi.o(.text) for __use_two_region_memory
    startup.o(RESET) refers (Special) to heapauxi.o(.text) for __use_two_region_memory
    startup.o(RESET) refers to startup.o(STACK) for StackMem
    startup.o(RESET) refers to texas.o(i.Timer4A_Handler) for Timer4A_Handler
    startup.o(RESET) refers to texas.o(i.Timer5A_Handler) for Timer5A_Handler
    startup.o(RESET) refers to __main.o(!!!main) for __main
    startup.o(.text) refers (Special) to heapauxi.o(.text) for __use_two_region_memory
    startup.o(.text) refers to startup.o(HEAP) for HeapMem
    startup.o(.text) refers to startup.o(STACK) for StackMem
    nokia5110.o(i.Nokia5110_Clear) refers to nokia5110.o(i.lcdwrite) for lcdwrite
    nokia5110.o(i.Nokia5110_Clear) refers to nokia5110.o(i.Nokia5110_SetCursor) for Nokia5110_SetCursor
    nokia5110.o(i.Nokia5110_ClearBuffer) refers to nokia5110.o(.bss) for Screen
    nokia5110.o(i.Nokia5110_DisplayBuffer) refers to nokia5110.o(i.Nokia5110_DrawFullImage) for Nokia5110_DrawFullImage
    nokia5110.o(i.Nokia5110_DisplayBuffer) refers to nokia5110.o(.bss) for Screen
    nokia5110.o(i.Nokia5110_DrawFullImage) refers to nokia5110.o(i.Nokia5110_SetCursor) for Nokia5110_SetCursor
    nokia5110.o(i.Nokia5110_DrawFullImage) refers to nokia5110.o(i.lcdwrite) for lcdwrite
    nokia5110.o(i.Nokia5110_Init) refers to nokia5110.o(i.lcdwrite) for lcdwrite
    nokia5110.o(i.Nokia5110_OutChar) refers to nokia5110.o(i.lcdwrite) for lcdwrite
    nokia5110.o(i.Nokia5110_OutChar) refers to nokia5110.o(.constdata) for ASCII
    nokia5110.o(i.Nokia5110_OutString) refers to nokia5110.o(i.Nokia5110_OutChar) for Nokia5110_OutChar
    nokia5110.o(i.Nokia5110_OutUDec) refers to nokia5110.o(i.Nokia5110_OutString) for Nokia5110_OutString
    nokia5110.o(i.Nokia5110_OutUDec) refers to nokia5110.o(i.Nokia5110_OutChar) for Nokia5110_OutChar
    nokia5110.o(i.Nokia5110_PrintBMP) refers to nokia5110.o(.bss) for Screen
    nokia5110.o(i.Nokia5110_SetCursor) refers to nokia5110.o(i.lcdwrite) for lcdwrite
    random.o(.text) refers to random.o(DATA) for M
    spaceinvaders.o(i.ai) refers to spaceinvaders.o(i.win) for win
    spaceinvaders.o(i.ai) refers to spaceinvaders.o(i.clone_tops) for clone_tops
    spaceinvaders.o(i.ai) refers to spaceinvaders.o(i.clone_board) for clone_board
    spaceinvaders.o(i.ai) refers to spaceinvaders.o(i.play_clone) for play_clone
    spaceinvaders.o(i.ai) refers to spaceinvaders.o(.data) for players
    spaceinvaders.o(i.board_init) refers to spaceinvaders.o(i.render_board) for render_board
    spaceinvaders.o(i.board_init) refers to spaceinvaders.o(i.draw_select) for draw_select
    spaceinvaders.o(i.board_init) refers to spaceinvaders.o(.bss) for tops
    spaceinvaders.o(i.board_init) refers to spaceinvaders.o(.data) for players
    spaceinvaders.o(i.board_tie) refers to spaceinvaders.o(.bss) for tops
    spaceinvaders.o(i.cell) refers to graph_lcd.o(i.lcd_cmd_TR) for lcd_cmd_TR
    spaceinvaders.o(i.cell) refers to graph_lcd.o(i.lcd_data_TR) for lcd_data_TR
    spaceinvaders.o(i.cell) refers to spaceinvaders.o(.bss) for board
    spaceinvaders.o(i.cell) refers to spaceinvaders.o(.data) for X_pat
    spaceinvaders.o(i.cell) refers to spaceinvaders.o(.constdata) for board_pat
    spaceinvaders.o(i.draw_select) refers to spaceinvaders.o(i.cell) for cell
    spaceinvaders.o(i.gameover) refers to spaceinvaders.o(i.render_gameover) for render_gameover
    spaceinvaders.o(i.gameover) refers to spaceinvaders.o(.data) for players
    spaceinvaders.o(i.main) refers to texas.o(i.TExaS_Init) for TExaS_Init
    spaceinvaders.o(i.main) refers to spaceinvaders.o(i.PortF_Init) for PortF_Init
    spaceinvaders.o(i.main) refers to spaceinvaders.o(i.UART_Init) for UART_Init
    spaceinvaders.o(i.main) refers to startup.o(.text) for EnableInterrupts
    spaceinvaders.o(i.main) refers to spaceinvaders.o(i.renderer_init) for renderer_init
    spaceinvaders.o(i.main) refers to spaceinvaders.o(i.render_start) for render_start
    spaceinvaders.o(i.main) refers to spaceinvaders.o(i.read_buttons) for read_buttons
    spaceinvaders.o(i.main) refers to spaceinvaders.o(i.board_init) for board_init
    spaceinvaders.o(i.main) refers to spaceinvaders.o(i.Delay1ms) for Delay1ms
    spaceinvaders.o(i.main) refers to spaceinvaders.o(i.ai) for ai
    spaceinvaders.o(i.main) refers to spaceinvaders.o(i.play) for play
    spaceinvaders.o(i.main) refers to spaceinvaders.o(i.select) for select
    spaceinvaders.o(i.main) refers to spaceinvaders.o(i.board_tie) for board_tie
    spaceinvaders.o(i.main) refers to graph_lcd.o(i.lcd_clear) for lcd_clear
    spaceinvaders.o(i.main) refers to rand.o(.text) for srand
    spaceinvaders.o(i.main) refers to rand.o(.emb_text) for rand
    spaceinvaders.o(i.main) refers to spaceinvaders.o(i.UART_OutChar) for UART_OutChar
    spaceinvaders.o(i.main) refers to spaceinvaders.o(i.UART_InChar) for UART_InChar
    spaceinvaders.o(i.main) refers to spaceinvaders.o(i.gameover) for gameover
    spaceinvaders.o(i.main) refers to spaceinvaders.o(.data) for mode
    spaceinvaders.o(i.main) refers to spaceinvaders.o(.bss) for tops
    spaceinvaders.o(i.play) refers to spaceinvaders.o(i.render) for render
    spaceinvaders.o(i.play) refers to spaceinvaders.o(i.win) for win
    spaceinvaders.o(i.play) refers to spaceinvaders.o(.bss) for tops
    spaceinvaders.o(i.play) refers to spaceinvaders.o(.data) for players
    spaceinvaders.o(i.read_buttons) refers to spaceinvaders.o(i.Delay1ms) for Delay1ms
    spaceinvaders.o(i.read_buttons) refers to spaceinvaders.o(i.select) for select
    spaceinvaders.o(i.read_buttons) refers to spaceinvaders.o(i.select_vertical) for select_vertical
    spaceinvaders.o(i.read_buttons) refers to spaceinvaders.o(i.play) for play
    spaceinvaders.o(i.read_buttons) refers to spaceinvaders.o(i.UART_OutChar) for UART_OutChar
    spaceinvaders.o(i.read_buttons) refers to spaceinvaders.o(.data) for mode
    spaceinvaders.o(i.render) refers to spaceinvaders.o(i.cell) for cell
    spaceinvaders.o(i.render_board) refers to graph_lcd.o(i.lcd_clear) for lcd_clear
    spaceinvaders.o(i.render_board) refers to graph_lcd.o(i.lcd_cmd_TR) for lcd_cmd_TR
    spaceinvaders.o(i.render_board) refers to graph_lcd.o(i.lcd_data_TR) for lcd_data_TR
    spaceinvaders.o(i.render_board) refers to spaceinvaders.o(.constdata) for board_pat
    spaceinvaders.o(i.render_gameover) refers to graph_lcd.o(i.lcd_clear) for lcd_clear
    spaceinvaders.o(i.render_gameover) refers to graph_lcd.o(i.lcd_SetCursor) for lcd_SetCursor
    spaceinvaders.o(i.render_gameover) refers to graph_lcd.o(i.lcd_Str_TR) for lcd_Str_TR
    spaceinvaders.o(i.render_start) refers to graph_lcd.o(i.lcd_clear) for lcd_clear
    spaceinvaders.o(i.render_start) refers to graph_lcd.o(i.dis) for dis
    spaceinvaders.o(i.render_start) refers to graph_lcd.o(i.lcd_SetCursor) for lcd_SetCursor
    spaceinvaders.o(i.render_start) refers to graph_lcd.o(i.lcd_Str_TR) for lcd_Str_TR
    spaceinvaders.o(i.render_start) refers to spaceinvaders.o(.data) for start
    spaceinvaders.o(i.renderer_init) refers to random.o(.text) for Random_Init
    spaceinvaders.o(i.renderer_init) refers to graph_lcd.o(i.lcd_init) for lcd_init
    spaceinvaders.o(i.select) refers to spaceinvaders.o(i.draw_select) for draw_select
    spaceinvaders.o(i.select) refers to spaceinvaders.o(.data) for players
    spaceinvaders.o(i.select_vertical) refers to graph_lcd.o(i.lcd_SetCursor) for lcd_SetCursor
    spaceinvaders.o(i.select_vertical) refers to graph_lcd.o(i.lcd_Char_TR) for lcd_Char_TR
    spaceinvaders.o(i.win) refers to spaceinvaders.o(.constdata) for .constdata
    texas.o(i.SetCode) refers to texas.o(.bss) for TExaS
    texas.o(i.SetCourse) refers to texas.o(.bss) for TExaS
    texas.o(i.SetMode) refers to texas.o(.bss) for TExaS
    texas.o(i.StartTimer4) refers to texas.o(.data) for ScopeCount
    texas.o(i.TExaS_Init) refers to texas.o(i.PLL_Init) for PLL_Init
    texas.o(i.TExaS_Init) refers to texas.o(i.SetCourse) for SetCourse
    texas.o(i.TExaS_Init) refers to texas.o(i.UART0_Init) for UART0_Init
    texas.o(i.TExaS_Init) refers to texas.o(i.SetCode) for SetCode
    texas.o(i.TExaS_Init) refers to texas.o(i.ADC1_Init) for ADC1_Init
    texas.o(i.TExaS_Init) refers to texas.o(.constdata) for IntroMsg
    texas.o(i.TExaS_Init) refers to texas.o(.bss) for TExaS
    texas.o(i.TExaS_Init) refers to texas.o(.data) for LastMode
    texas.o(i.Timer5A_Handler) refers to texas.o(i.ADC1_In) for ADC1_In
    texas.o(i.Timer5A_Handler) refers to texas.o(.data) for TExaS_Period
    graph_lcd.o(i.dis) refers to graph_lcd.o(i.lcd_SetCursor) for lcd_SetCursor
    graph_lcd.o(i.dis) refers to graph_lcd.o(i.lcd_data_TR) for lcd_data_TR
    graph_lcd.o(i.lcd_Char_TR) refers to graph_lcd.o(i.lcd_data_TR) for lcd_data_TR
    graph_lcd.o(i.lcd_Char_TR) refers to graph_lcd.o(.constdata) for chars_pat
    graph_lcd.o(i.lcd_SetCursor) refers to graph_lcd.o(i.lcd_cmd_TR) for lcd_cmd_TR
    graph_lcd.o(i.lcd_Str_TR) refers to graph_lcd.o(i.lcd_data_TR) for lcd_data_TR
    graph_lcd.o(i.lcd_Str_TR) refers to graph_lcd.o(.constdata) for chars_pat
    graph_lcd.o(i.lcd_clear) refers to graph_lcd.o(i.lcd_data_TR) for lcd_data_TR
    graph_lcd.o(i.lcd_cmd_TR) refers to ssi0_spi.o(i.ssi0_spi_TR) for ssi0_spi_TR
    graph_lcd.o(i.lcd_data_TR) refers to ssi0_spi.o(i.ssi0_spi_TR) for ssi0_spi_TR
    graph_lcd.o(i.lcd_init) refers to ssi0_spi.o(i.ssi0_spi_init) for ssi0_spi_init
    graph_lcd.o(i.lcd_init) refers to graph_lcd.o(i.lcd_cmd_TR) for lcd_cmd_TR
    rand.o(.emb_text) refers (Special) to libinit2.o(.ARM.Collect$$libinit$$0000000B) for __rt_lib_init_rand_2
    rand.o(.emb_text) refers to rand.o(.text) for _rand_init
    rand.o(.emb_text) refers to rand.o(.bss) for _random_number_data
    rand.o(.text) refers (Special) to libinit2.o(.ARM.Collect$$libinit$$0000000B) for __rt_lib_init_rand_2
    rand.o(.text) refers to rand.o(.bss) for .bss
    rand.o(.bss) refers (Special) to libinit2.o(.ARM.Collect$$libinit$$0000000B) for __rt_lib_init_rand_2
    __main.o(!!!main) refers to rtentry.o(.ARM.Collect$$rtentry$$00000000) for __rt_entry
    rtentry.o(.ARM.Collect$$rtentry$$00000000) refers (Special) to rtentry2.o(.ARM.Collect$$rtentry$$0000000A) for __rt_entry_li
    rtentry.o(.ARM.Collect$$rtentry$$00000000) refers (Special) to rtentry2.o(.ARM.Collect$$rtentry$$0000000D) for __rt_entry_main
    rtentry.o(.ARM.Collect$$rtentry$$00000000) refers (Special) to rtentry2.o(.ARM.Collect$$rtentry$$0000000C) for __rt_entry_postli_1
    rtentry.o(.ARM.Collect$$rtentry$$00000000) refers (Special) to rtentry2.o(.ARM.Collect$$rtentry$$00000009) for __rt_entry_postsh_1
    rtentry.o(.ARM.Collect$$rtentry$$00000000) refers (Special) to rtentry2.o(.ARM.Collect$$rtentry$$00000002) for __rt_entry_presh_1
    rtentry.o(.ARM.Collect$$rtentry$$00000000) refers (Special) to rtentry4.o(.ARM.Collect$$rtentry$$00000004) for __rt_entry_sh
    libinit2.o(.ARM.Collect$$libinit$$0000000B) refers (Weak) to rand.o(.text) for _rand_init
    libinit2.o(.ARM.Collect$$libinit$$0000000E) refers to libinit2.o(.ARM.Collect$$libinit$$0000000D) for .ARM.Collect$$libinit$$0000000D
    libinit2.o(.ARM.Collect$$libinit$$00000010) refers to libinit2.o(.ARM.Collect$$libinit$$0000000D) for .ARM.Collect$$libinit$$0000000D
    libinit2.o(.ARM.Collect$$libinit$$00000012) refers to libinit2.o(.ARM.Collect$$libinit$$0000000D) for .ARM.Collect$$libinit$$0000000D
    libinit2.o(.ARM.Collect$$libinit$$00000014) refers to libinit2.o(.ARM.Collect$$libinit$$0000000D) for .ARM.Collect$$libinit$$0000000D
    libinit2.o(.ARM.Collect$$libinit$$00000016) refers to libinit2.o(.ARM.Collect$$libinit$$0000000D) for .ARM.Collect$$libinit$$0000000D
    libinit2.o(.ARM.Collect$$libinit$$00000024) refers to argv_veneer.o(.emb_text) for __ARM_argv_veneer
    libinit2.o(.ARM.Collect$$libinit$$00000025) refers to argv_veneer.o(.emb_text) for __ARM_argv_veneer
    rtentry2.o(.ARM.Collect$$rtentry$$00000008) refers to boardinit2.o(.text) for _platform_post_stackheap_init
    rtentry2.o(.ARM.Collect$$rtentry$$0000000A) refers to libinit.o(.ARM.Collect$$libinit$$00000000) for __rt_lib_init
    rtentry2.o(.ARM.Collect$$rtentry$$0000000B) refers to boardinit3.o(.text) for _platform_post_lib_init
    rtentry2.o(.ARM.Collect$$rtentry$$0000000D) refers to spaceinvaders.o(i.main) for main
    rtentry2.o(.ARM.Collect$$rtentry$$0000000D) refers to exit.o(.text) for exit
    rtentry2.o(.ARM.exidx) refers to rtentry2.o(.ARM.Collect$$rtentry$$00000001) for .ARM.Collect$$rtentry$$00000001
    rtentry2.o(.ARM.exidx) refers to rtentry2.o(.ARM.Collect$$rtentry$$00000008) for .ARM.Collect$$rtentry$$00000008
    rtentry2.o(.ARM.exidx) refers to rtentry2.o(.ARM.Collect$$rtentry$$0000000A) for .ARM.Collect$$rtentry$$0000000A
    rtentry2.o(.ARM.exidx) refers to rtentry2.o(.ARM.Collect$$rtentry$$0000000B) for .ARM.Collect$$rtentry$$0000000B
    rtentry2.o(.ARM.exidx) refers to rtentry2.o(.ARM.Collect$$rtentry$$0000000D) for .ARM.Collect$$rtentry$$0000000D
    rtentry4.o(.ARM.Collect$$rtentry$$00000004) refers to sys_stackheap_outer.o(.text) for __user_setup_stackheap
    rtentry4.o(.ARM.exidx) refers to rtentry4.o(.ARM.Collect$$rtentry$$00000004) for .ARM.Collect$$rtentry$$00000004
    argv_veneer.o(.emb_text) refers to no_argv.o(.text) for __ARM_get_argv
    sys_stackheap_outer.o(.text) refers to libspace.o(.text) for __user_perproc_libspace
    sys_stackheap_outer.o(.text) refers to startup.o(.text) for __user_initial_stackheap
    exit.o(.text) refers to rtexit.o(.ARM.Collect$$rtexit$$00000000) for __rt_exit
    _get_argv_nomalloc.o(.text) refers (Special) to hrguard.o(.text) for __heap_region$guard
    _get_argv_nomalloc.o(.text) refers to defsig_rtmem_outer.o(.text) for __rt_SIGRTMEM
    _get_argv_nomalloc.o(.text) refers to sys_command.o(.text) for _sys_command_string
    libinit.o(.ARM.Collect$$libinit$$00000000) refers (Special) to libinit2.o(.ARM.Collect$$libinit$$0000002C) for __rt_lib_init_alloca_1
    libinit.o(.ARM.Collect$$libinit$$00000000) refers (Special) to libinit2.o(.ARM.Collect$$libinit$$0000002A) for __rt_lib_init_argv_1
    libinit.o(.ARM.Collect$$libinit$$00000000) refers (Special) to libinit2.o(.ARM.Collect$$libinit$$00000019) for __rt_lib_init_atexit_1
    libinit.o(.ARM.Collect$$libinit$$00000000) refers (Special) to libinit2.o(.ARM.Collect$$libinit$$0000001F) for __rt_lib_init_clock_1
    libinit.o(.ARM.Collect$$libinit$$00000000) refers (Special) to libinit2.o(.ARM.Collect$$libinit$$00000030) for __rt_lib_init_cpp_1
    libinit.o(.ARM.Collect$$libinit$$00000000) refers (Special) to libinit2.o(.ARM.Collect$$libinit$$0000002E) for __rt_lib_init_exceptions_1
    libinit.o(.ARM.Collect$$libinit$$00000000) refers (Special) to libinit2.o(.ARM.Collect$$libinit$$00000002) for __rt_lib_init_fp_1
    libinit.o(.ARM.Collect$$libinit$$00000000) refers (Special) to libinit2.o(.ARM.Collect$$libinit$$0000001D) for __rt_lib_init_fp_trap_1
    libinit.o(.ARM.Collect$$libinit$$00000000) refers (Special) to libinit2.o(.ARM.Collect$$libinit$$00000021) for __rt_lib_init_getenv_1
    libinit.o(.ARM.Collect$$libinit$$00000000) refers (Special) to libinit2.o(.ARM.Collect$$libinit$$00000008) for __rt_lib_init_heap_1
    libinit.o(.ARM.Collect$$libinit$$00000000) refers (Special) to libinit2.o(.ARM.Collect$$libinit$$0000000F) for __rt_lib_init_lc_collate_1
    libinit.o(.ARM.Collect$$libinit$$00000000) refers (Special) to libinit2.o(.ARM.Collect$$libinit$$00000011) for __rt_lib_init_lc_ctype_1
    libinit.o(.ARM.Collect$$libinit$$00000000) refers (Special) to libinit2.o(.ARM.Collect$$libinit$$00000013) for __rt_lib_init_lc_monetary_1
    libinit.o(.ARM.Collect$$libinit$$00000000) refers (Special) to libinit2.o(.ARM.Collect$$libinit$$00000015) for __rt_lib_init_lc_numeric_1
    libinit.o(.ARM.Collect$$libinit$$00000000) refers (Special) to libinit2.o(.ARM.Collect$$libinit$$00000017) for __rt_lib_init_lc_time_1
    libinit.o(.ARM.Collect$$libinit$$00000000) refers (Special) to libinit2.o(.ARM.Collect$$libinit$$0000000C) for __rt_lib_init_rand_1
    libinit.o(.ARM.Collect$$libinit$$00000000) refers (Special) to libinit2.o(.ARM.Collect$$libinit$$00000031) for __rt_lib_init_return
    libinit.o(.ARM.Collect$$libinit$$00000000) refers (Special) to libinit2.o(.ARM.Collect$$libinit$$0000001B) for __rt_lib_init_signal_1
    libinit.o(.ARM.Collect$$libinit$$00000000) refers (Special) to libinit2.o(.ARM.Collect$$libinit$$00000023) for __rt_lib_init_stdio_1
    libinit.o(.ARM.Collect$$libinit$$00000000) refers (Special) to libinit2.o(.ARM.Collect$$libinit$$0000000A) for __rt_lib_init_user_alloc_1
    sys_command.o(.text) refers (Special) to use_no_semi.o(.text) for __I$use$semihosting
    sys_command.o(.text) refers (Special) to indicate_semi.o(.text) for __semihosting_library_function
    libspace.o(.text) refers to libspace.o(.bss) for __libspace_start
    rtexit.o(.ARM.Collect$$rtexit$$00000000) refers (Special) to rtexit2.o(.ARM.Collect$$rtexit$$00000004) for __rt_exit_exit
    rtexit.o(.ARM.Collect$$rtexit$$00000000) refers (Special) to rtexit2.o(.ARM.Collect$$rtexit$$00000003) for __rt_exit_ls
    rtexit.o(.ARM.Collect$$rtexit$$00000000) refers (Special) to rtexit2.o(.ARM.Collect$$rtexit$$00000002) for __rt_exit_prels_1
    rtexit.o(.ARM.exidx) refers (Special) to rtexit2.o(.ARM.Collect$$rtexit$$00000004) for __rt_exit_exit
    rtexit.o(.ARM.exidx) refers (Special) to rtexit2.o(.ARM.Collect$$rtexit$$00000003) for __rt_exit_ls
    rtexit.o(.ARM.exidx) refers (Special) to rtexit2.o(.ARM.Collect$$rtexit$$00000002) for __rt_exit_prels_1
    rtexit.o(.ARM.exidx) refers to rtexit.o(.ARM.Collect$$rtexit$$00000000) for .ARM.Collect$$rtexit$$00000000
    defsig_rtmem_outer.o(.text) refers to defsig_rtmem_inner.o(.text) for __rt_SIGRTMEM_inner
    defsig_rtmem_outer.o(.text) refers to defsig_exit.o(.text) for __sig_exit
    defsig_rtmem_formal.o(.text) refers to rt_raise.o(.text) for __rt_raise
    rtexit2.o(.ARM.Collect$$rtexit$$00000003) refers to libshutdown.o(.ARM.Collect$$libshutdown$$00000000) for __rt_lib_shutdown
    rtexit2.o(.ARM.Collect$$rtexit$$00000004) refers to sys_exit.o(.text) for _sys_exit
    rtexit2.o(.ARM.exidx) refers to rtexit2.o(.ARM.Collect$$rtexit$$00000001) for .ARM.Collect$$rtexit$$00000001
    rtexit2.o(.ARM.exidx) refers to rtexit2.o(.ARM.Collect$$rtexit$$00000003) for .ARM.Collect$$rtexit$$00000003
    rtexit2.o(.ARM.exidx) refers to rtexit2.o(.ARM.Collect$$rtexit$$00000004) for .ARM.Collect$$rtexit$$00000004
    rt_raise.o(.text) refers to __raise.o(.text) for __raise
    rt_raise.o(.text) refers to sys_exit.o(.text) for _sys_exit
    defsig_exit.o(.text) refers to sys_exit.o(.text) for _sys_exit
    defsig_rtmem_inner.o(.text) refers to defsig_general.o(.text) for __default_signal_display
    sys_exit.o(.text) refers (Special) to use_no_semi.o(.text) for __I$use$semihosting
    sys_exit.o(.text) refers (Special) to indicate_semi.o(.text) for __semihosting_library_function
    __raise.o(.text) refers to defsig.o(CL$$defsig) for __default_signal_handler
    defsig_general.o(.text) refers to sys_wrch.o(.text) for _ttywrch
    libshutdown.o(.ARM.Collect$$libshutdown$$00000000) refers (Special) to libshutdown2.o(.ARM.Collect$$libshutdown$$00000006) for __rt_lib_shutdown_fp_trap_1
    libshutdown.o(.ARM.Collect$$libshutdown$$00000000) refers (Special) to libshutdown2.o(.ARM.Collect$$libshutdown$$0000000E) for __rt_lib_shutdown_heap_1
    libshutdown.o(.ARM.Collect$$libshutdown$$00000000) refers (Special) to libshutdown2.o(.ARM.Collect$$libshutdown$$0000000F) for __rt_lib_shutdown_return
    libshutdown.o(.ARM.Collect$$libshutdown$$00000000) refers (Special) to libshutdown2.o(.ARM.Collect$$libshutdown$$00000009) for __rt_lib_shutdown_signal_1
    libshutdown.o(.ARM.Collect$$libshutdown$$00000000) refers (Special) to libshutdown2.o(.ARM.Collect$$libshutdown$$00000003) for __rt_lib_shutdown_stdio_1
    libshutdown.o(.ARM.Collect$$libshutdown$$00000000) refers (Special) to libshutdown2.o(.ARM.Collect$$libshutdown$$0000000B) for __rt_lib_shutdown_user_alloc_1
    sys_wrch.o(.text) refers (Special) to use_no_semi.o(.text) for __I$use$semihosting
    sys_wrch.o(.text) refers (Special) to indicate_semi.o(.text) for __semihosting_library_function
    defsig.o(CL$$defsig) refers to defsig_rtmem_inner.o(.text) for __rt_SIGRTMEM_inner
    defsig_abrt_inner.o(.text) refers to defsig_general.o(.text) for __default_signal_display
    defsig_fpe_inner.o(.text) refers to defsig_general.o(.text) for __default_signal_display
    defsig_rtred_inner.o(.text) refers to defsig_general.o(.text) for __default_signal_display
    defsig_stak_inner.o(.text) refers to defsig_general.o(.text) for __default_signal_display
    defsig_pvfn_inner.o(.text) refers to defsig_general.o(.text) for __default_signal_display
    defsig_cppl_inner.o(.text) refers to defsig_general.o(.text) for __default_signal_display
    defsig_segv_inner.o(.text) refers to defsig_general.o(.text) for __default_signal_display
    defsig_other.o(.text) refers to defsig_general.o(.text) for __default_signal_display


==============================================================================

Removing Unused input sections from the image.

    Removing nokia5110.o(i.Nokia5110_Clear), (32 bytes).
    Removing nokia5110.o(i.Nokia5110_ClearBuffer), (24 bytes).
    Removing nokia5110.o(i.Nokia5110_DisplayBuffer), (16 bytes).
    Removing nokia5110.o(i.Nokia5110_DrawFullImage), (34 bytes).
    Removing nokia5110.o(i.Nokia5110_Init), (364 bytes).
    Removing nokia5110.o(i.Nokia5110_OutChar), (56 bytes).
    Removing nokia5110.o(i.Nokia5110_OutString), (22 bytes).
    Removing nokia5110.o(i.Nokia5110_OutUDec), (412 bytes).
    Removing nokia5110.o(i.Nokia5110_PrintBMP), (424 bytes).
    Removing nokia5110.o(i.Nokia5110_SetCursor), (48 bytes).
    Removing nokia5110.o(i.lcdwrite), (76 bytes).
    Removing nokia5110.o(.bss), (504 bytes).
    Removing nokia5110.o(.constdata), (480 bytes).
    Removing texas.o(i.SetMode), (24 bytes).
    Removing texas.o(i.StartTimer4), (36 bytes).
    Removing texas.o(i.StopTimer4), (24 bytes).
    Removing texas.o(i.TExaS_Stop), (28 bytes).
    Removing texas.o(i.UART0_InChar), (24 bytes).
    Removing texas.o(i.UART0_InCharNonBlocking), (28 bytes).
    Removing texas.o(i.UART0_OutChar), (24 bytes).
    Removing texas.o(i.UART0_OutCharNonBlock), (12 bytes).
    Removing texas.o(i.copy), (18 bytes).

22 unused section(s) (total 2710 bytes) removed from the image.

==============================================================================

Image Symbol Table

    Local Symbols

    Symbol Name                              Value     Ov Type        Size  Object(Section)

    RESET                                    0x00000000   Section      644  startup.o(RESET)
    ../clib/angel/boardlib.s                 0x00000000   Number         0  boardinit1.o ABSOLUTE
    ../clib/angel/boardlib.s                 0x00000000   Number         0  boardinit2.o ABSOLUTE
    ../clib/angel/boardlib.s                 0x00000000   Number         0  boardinit3.o ABSOLUTE
    ../clib/angel/boardlib.s                 0x00000000   Number         0  boardshut.o ABSOLUTE
    ../clib/angel/dczerorl2.s                0x00000000   Number         0  __dczerorl2.o ABSOLUTE
    ../clib/angel/handlers.s                 0x00000000   Number         0  __scatter_zi.o ABSOLUTE
    ../clib/angel/kernel.s                   0x00000000   Number         0  rtentry4.o ABSOLUTE
    ../clib/angel/kernel.s                   0x00000000   Number         0  rtentry.o ABSOLUTE
    ../clib/angel/kernel.s                   0x00000000   Number         0  rtexit.o ABSOLUTE
    ../clib/angel/kernel.s                   0x00000000   Number         0  rtentry2.o ABSOLUTE
    ../clib/angel/kernel.s                   0x00000000   Number         0  rtexit2.o ABSOLUTE
    ../clib/angel/rt.s                       0x00000000   Number         0  rt_raise.o ABSOLUTE
    ../clib/angel/scatter.s                  0x00000000   Number         0  __scatter.o ABSOLUTE
    ../clib/angel/startup.s                  0x00000000   Number         0  __main.o ABSOLUTE
    ../clib/angel/sys.s                      0x00000000   Number         0  sys_stackheap_outer.o ABSOLUTE
    ../clib/angel/sys.s                      0x00000000   Number         0  libspace.o ABSOLUTE
    ../clib/angel/sys.s                      0x00000000   Number         0  use_no_semi.o ABSOLUTE
    ../clib/angel/sys.s                      0x00000000   Number         0  indicate_semi.o ABSOLUTE
    ../clib/angel/sysapp.c                   0x00000000   Number         0  sys_command.o ABSOLUTE
    ../clib/angel/sysapp.c                   0x00000000   Number         0  sys_wrch.o ABSOLUTE
    ../clib/angel/sysapp.c                   0x00000000   Number         0  sys_exit.o ABSOLUTE
    ../clib/armsys.c                         0x00000000   Number         0  _get_argv_nomalloc.o ABSOLUTE
    ../clib/armsys.c                         0x00000000   Number         0  argv_veneer.o ABSOLUTE
    ../clib/armsys.c                         0x00000000   Number         0  no_argv.o ABSOLUTE
    ../clib/armsys.c                         0x00000000   Number         0  argv_veneer.o ABSOLUTE
    ../clib/heapalloc.c                      0x00000000   Number         0  hrguard.o ABSOLUTE
    ../clib/heapaux.c                        0x00000000   Number         0  heapauxi.o ABSOLUTE
    ../clib/libinit.s                        0x00000000   Number         0  libshutdown.o ABSOLUTE
    ../clib/libinit.s                        0x00000000   Number         0  libshutdown2.o ABSOLUTE
    ../clib/libinit.s                        0x00000000   Number         0  libinit.o ABSOLUTE
    ../clib/libinit.s                        0x00000000   Number         0  libinit2.o ABSOLUTE
    ../clib/signal.c                         0x00000000   Number         0  defsig_exit.o ABSOLUTE
    ../clib/signal.c                         0x00000000   Number         0  __raise.o ABSOLUTE
    ../clib/signal.c                         0x00000000   Number         0  defsig_rtmem_formal.o ABSOLUTE
    ../clib/signal.c                         0x00000000   Number         0  defsig_rtmem_outer.o ABSOLUTE
    ../clib/signal.c                         0x00000000   Number         0  defsig_general.o ABSOLUTE
    ../clib/signal.c                         0x00000000   Number         0  defsig_pvfn_inner.o ABSOLUTE
    ../clib/signal.c                         0x00000000   Number         0  defsig_abrt_inner.o ABSOLUTE
    ../clib/signal.c                         0x00000000   Number         0  defsig_fpe_inner.o ABSOLUTE
    ../clib/signal.c                         0x00000000   Number         0  defsig_cppl_inner.o ABSOLUTE
    ../clib/signal.c                         0x00000000   Number         0  defsig_rtred_inner.o ABSOLUTE
    ../clib/signal.c                         0x00000000   Number         0  defsig_segv_inner.o ABSOLUTE
    ../clib/signal.c                         0x00000000   Number         0  defsig_other.o ABSOLUTE
    ../clib/signal.c                         0x00000000   Number         0  defsig_stak_inner.o ABSOLUTE
    ../clib/signal.c                         0x00000000   Number         0  defsig_rtmem_inner.o ABSOLUTE
    ../clib/signal.s                         0x00000000   Number         0  defsig.o ABSOLUTE
    ../clib/stdlib.c                         0x00000000   Number         0  rand.o ABSOLUTE
    ../clib/stdlib.c                         0x00000000   Number         0  rand.o ABSOLUTE
    ../clib/stdlib.c                         0x00000000   Number         0  exit.o ABSOLUTE
    ../fplib/fpinit.s                        0x00000000   Number         0  fpinit.o ABSOLUTE
    Nokia5110.c                              0x00000000   Number         0  nokia5110.o ABSOLUTE
    SSI0_SPI.c                               0x00000000   Number         0  ssi0_spi.o ABSOLUTE
    SpaceInvaders.c                          0x00000000   Number         0  spaceinvaders.o ABSOLUTE
    TExaS.c                                  0x00000000   Number         0  texas.o ABSOLUTE
    dc.s                                     0x00000000   Number         0  dc.o ABSOLUTE
    graph_lcd.c                              0x00000000   Number         0  graph_lcd.o ABSOLUTE
    random.s                                 0x00000000   Number         0  random.o ABSOLUTE
    startup.s                                0x00000000   Number         0  startup.o ABSOLUTE
    !!!main                                  0x00000284   Section        8  __main.o(!!!main)
    !!!scatter                               0x0000028c   Section       52  __scatter.o(!!!scatter)
    !!dczerorl2                              0x000002c0   Section       90  __dczerorl2.o(!!dczerorl2)
    !!handler_zi                             0x0000031c   Section       28  __scatter_zi.o(!!handler_zi)
    .ARM.Collect$$libinit$$00000000          0x00000338   Section        2  libinit.o(.ARM.Collect$$libinit$$00000000)
    .ARM.Collect$$libinit$$00000002          0x0000033a   Section        0  libinit2.o(.ARM.Collect$$libinit$$00000002)
    .ARM.Collect$$libinit$$00000008          0x0000033a   Section        0  libinit2.o(.ARM.Collect$$libinit$$00000008)
    .ARM.Collect$$libinit$$0000000A          0x0000033a   Section        0  libinit2.o(.ARM.Collect$$libinit$$0000000A)
    .ARM.Collect$$libinit$$0000000B          0x0000033a   Section        4  libinit2.o(.ARM.Collect$$libinit$$0000000B)
    .ARM.Collect$$libinit$$0000000C          0x0000033e   Section        0  libinit2.o(.ARM.Collect$$libinit$$0000000C)
    .ARM.Collect$$libinit$$0000000F          0x0000033e   Section        0  libinit2.o(.ARM.Collect$$libinit$$0000000F)
    .ARM.Collect$$libinit$$00000011          0x0000033e   Section        0  libinit2.o(.ARM.Collect$$libinit$$00000011)
    .ARM.Collect$$libinit$$00000013          0x0000033e   Section        0  libinit2.o(.ARM.Collect$$libinit$$00000013)
    .ARM.Collect$$libinit$$00000015          0x0000033e   Section        0  libinit2.o(.ARM.Collect$$libinit$$00000015)
    .ARM.Collect$$libinit$$00000017          0x0000033e   Section        0  libinit2.o(.ARM.Collect$$libinit$$00000017)
    .ARM.Collect$$libinit$$00000019          0x0000033e   Section        0  libinit2.o(.ARM.Collect$$libinit$$00000019)
    .ARM.Collect$$libinit$$0000001B          0x0000033e   Section        0  libinit2.o(.ARM.Collect$$libinit$$0000001B)
    .ARM.Collect$$libinit$$0000001D          0x0000033e   Section        0  libinit2.o(.ARM.Collect$$libinit$$0000001D)
    .ARM.Collect$$libinit$$0000001F          0x0000033e   Section        0  libinit2.o(.ARM.Collect$$libinit$$0000001F)
    .ARM.Collect$$libinit$$00000021          0x0000033e   Section        0  libinit2.o(.ARM.Collect$$libinit$$00000021)
    .ARM.Collect$$libinit$$00000023          0x0000033e   Section        0  libinit2.o(.ARM.Collect$$libinit$$00000023)
    .ARM.Collect$$libinit$$0000002A          0x0000033e   Section        0  libinit2.o(.ARM.Collect$$libinit$$0000002A)
    .ARM.Collect$$libinit$$0000002C          0x0000033e   Section        0  libinit2.o(.ARM.Collect$$libinit$$0000002C)
    .ARM.Collect$$libinit$$0000002E          0x0000033e   Section        0  libinit2.o(.ARM.Collect$$libinit$$0000002E)
    .ARM.Collect$$libinit$$00000030          0x0000033e   Section        0  libinit2.o(.ARM.Collect$$libinit$$00000030)
    .ARM.Collect$$libinit$$00000031          0x0000033e   Section        2  libinit2.o(.ARM.Collect$$libinit$$00000031)
    .ARM.Collect$$libshutdown$$00000000      0x00000340   Section        2  libshutdown.o(.ARM.Collect$$libshutdown$$00000000)
    .ARM.Collect$$libshutdown$$00000003      0x00000342   Section        0  libshutdown2.o(.ARM.Collect$$libshutdown$$00000003)
    .ARM.Collect$$libshutdown$$00000006      0x00000342   Section        0  libshutdown2.o(.ARM.Collect$$libshutdown$$00000006)
    .ARM.Collect$$libshutdown$$00000009      0x00000342   Section        0  libshutdown2.o(.ARM.Collect$$libshutdown$$00000009)
    .ARM.Collect$$libshutdown$$0000000B      0x00000342   Section        0  libshutdown2.o(.ARM.Collect$$libshutdown$$0000000B)
    .ARM.Collect$$libshutdown$$0000000E      0x00000342   Section        0  libshutdown2.o(.ARM.Collect$$libshutdown$$0000000E)
    .ARM.Collect$$libshutdown$$0000000F      0x00000342   Section        2  libshutdown2.o(.ARM.Collect$$libshutdown$$0000000F)
    .ARM.Collect$$rtentry$$00000000          0x00000344   Section        0  rtentry.o(.ARM.Collect$$rtentry$$00000000)
    .ARM.Collect$$rtentry$$00000002          0x00000344   Section        0  rtentry2.o(.ARM.Collect$$rtentry$$00000002)
    .ARM.Collect$$rtentry$$00000004          0x00000344   Section        6  rtentry4.o(.ARM.Collect$$rtentry$$00000004)
    .ARM.Collect$$rtentry$$00000009          0x0000034a   Section        0  rtentry2.o(.ARM.Collect$$rtentry$$00000009)
    .ARM.Collect$$rtentry$$0000000A          0x0000034a   Section        4  rtentry2.o(.ARM.Collect$$rtentry$$0000000A)
    .ARM.Collect$$rtentry$$0000000C          0x0000034e   Section        0  rtentry2.o(.ARM.Collect$$rtentry$$0000000C)
    .ARM.Collect$$rtentry$$0000000D          0x0000034e   Section        8  rtentry2.o(.ARM.Collect$$rtentry$$0000000D)
    .ARM.Collect$$rtexit$$00000000           0x00000356   Section        2  rtexit.o(.ARM.Collect$$rtexit$$00000000)
    .ARM.Collect$$rtexit$$00000002           0x00000358   Section        0  rtexit2.o(.ARM.Collect$$rtexit$$00000002)
    .ARM.Collect$$rtexit$$00000003           0x00000358   Section        4  rtexit2.o(.ARM.Collect$$rtexit$$00000003)
    .ARM.Collect$$rtexit$$00000004           0x0000035c   Section        6  rtexit2.o(.ARM.Collect$$rtexit$$00000004)
    .emb_text                                0x00000364   Section       52  rand.o(.emb_text)
    .text                                    0x00000398   Section       48  startup.o(.text)
    .text                                    0x000003c8   Section       64  random.o(.text)
    .text                                    0x00000408   Section        0  rand.o(.text)
    .text                                    0x00000444   Section        0  heapauxi.o(.text)
    .text                                    0x0000044a   Section       74  sys_stackheap_outer.o(.text)
    .text                                    0x00000494   Section        0  exit.o(.text)
    .text                                    0x000004a0   Section        8  libspace.o(.text)
    .text                                    0x000004a8   Section        2  use_no_semi.o(.text)
    .text                                    0x000004aa   Section        0  indicate_semi.o(.text)
    .text                                    0x000004ac   Section        0  sys_exit.o(.text)
    i.ADC1_In                                0x000004b8   Section        0  texas.o(i.ADC1_In)
    i.ADC1_Init                              0x000004c4   Section        0  texas.o(i.ADC1_Init)
    i.Delay1ms                               0x00000598   Section        0  spaceinvaders.o(i.Delay1ms)
    i.PLL_Init                               0x000005b8   Section        0  texas.o(i.PLL_Init)
    i.PortF_Init                             0x00000634   Section        0  spaceinvaders.o(i.PortF_Init)
    i.SetCode                                0x000006f8   Section        0  texas.o(i.SetCode)
    i.SetCourse                              0x00000710   Section        0  texas.o(i.SetCourse)
    i.TExaS_Init                             0x00000728   Section        0  texas.o(i.TExaS_Init)
    i.Timer4A_Handler                        0x000008ec   Section        0  texas.o(i.Timer4A_Handler)
    i.Timer5A_Handler                        0x0000090c   Section        0  texas.o(i.Timer5A_Handler)
    i.UART0_Init                             0x0000093c   Section        0  texas.o(i.UART0_Init)
    i.UART_InChar                            0x000009fc   Section        0  spaceinvaders.o(i.UART_InChar)
    i.UART_Init                              0x00000a14   Section        0  spaceinvaders.o(i.UART_Init)
    i.UART_OutChar                           0x00000ab8   Section        0  spaceinvaders.o(i.UART_OutChar)
    i.ai                                     0x00000ad0   Section        0  spaceinvaders.o(i.ai)
    i.board_init                             0x00000c5c   Section        0  spaceinvaders.o(i.board_init)
    i.board_tie                              0x00000cac   Section        0  spaceinvaders.o(i.board_tie)
    i.cell                                   0x00000ccc   Section        0  spaceinvaders.o(i.cell)
    i.clone_board                            0x00000d98   Section        0  spaceinvaders.o(i.clone_board)
    i.clone_tops                             0x00000dc4   Section        0  spaceinvaders.o(i.clone_tops)
    i.dis                                    0x00000dda   Section        0  graph_lcd.o(i.dis)
    i.draw_select                            0x00000e00   Section        0  spaceinvaders.o(i.draw_select)
    i.gameover                               0x00000e2c   Section        0  spaceinvaders.o(i.gameover)
    i.lcd_Char_TR                            0x00000e78   Section        0  graph_lcd.o(i.lcd_Char_TR)
    i.lcd_SetCursor                          0x00000ea4   Section        0  graph_lcd.o(i.lcd_SetCursor)
    i.lcd_Str_TR                             0x00000ec8   Section        0  graph_lcd.o(i.lcd_Str_TR)
    i.lcd_clear                              0x00000f00   Section        0  graph_lcd.o(i.lcd_clear)
    i.lcd_cmd_TR                             0x00000f18   Section        0  graph_lcd.o(i.lcd_cmd_TR)
    i.lcd_data_TR                            0x00000f38   Section        0  graph_lcd.o(i.lcd_data_TR)
    i.lcd_init                               0x00000f58   Section        0  graph_lcd.o(i.lcd_init)
    i.main                                   0x00001004   Section        0  spaceinvaders.o(i.main)
    i.play                                   0x000011dc   Section        0  spaceinvaders.o(i.play)
    i.play_clone                             0x00001280   Section        0  spaceinvaders.o(i.play_clone)
    i.read_buttons                           0x000012b0   Section        0  spaceinvaders.o(i.read_buttons)
    i.render                                 0x000013d4   Section        0  spaceinvaders.o(i.render)
    i.render_board                           0x000013e8   Section        0  spaceinvaders.o(i.render_board)
    i.render_gameover                        0x0000143c   Section        0  spaceinvaders.o(i.render_gameover)
    i.render_start                           0x000014a8   Section        0  spaceinvaders.o(i.render_start)
    i.renderer_init                          0x00001504   Section        0  spaceinvaders.o(i.renderer_init)
    i.select                                 0x00001514   Section        0  spaceinvaders.o(i.select)
    i.select_vertical                        0x00001530   Section        0  spaceinvaders.o(i.select_vertical)
    i.ssi0_spi_TR                            0x0000155c   Section        0  ssi0_spi.o(i.ssi0_spi_TR)
    i.ssi0_spi_init                          0x00001580   Section        0  ssi0_spi.o(i.ssi0_spi_init)
    i.win                                    0x00001644   Section        0  spaceinvaders.o(i.win)
    .constdata                               0x00001878   Section       32  spaceinvaders.o(.constdata)
    board_pat                                0x00001878   Data           8  spaceinvaders.o(.constdata)
    sel_pat                                  0x00001880   Data           8  spaceinvaders.o(.constdata)
    .constdata                               0x00001898   Section      360  texas.o(.constdata)
    .constdata                               0x00001a00   Section      480  graph_lcd.o(.constdata)
    chars_pat                                0x00001a00   Data         480  graph_lcd.o(.constdata)
    .data                                    0x20000000   Section      548  spaceinvaders.o(.data)
    X_pat                                    0x20000000   Data           8  spaceinvaders.o(.data)
    O_pat                                    0x20000008   Data           8  spaceinvaders.o(.data)
    .data                                    0x20000224   Section       52  texas.o(.data)
    DATA                                     0x20000258   Section        4  random.o(DATA)
    M                                        0x20000258   Data           4  random.o(DATA)
    .bss                                     0x2000025c   Section       72  spaceinvaders.o(.bss)
    .bss                                     0x200002a8   Section       56  texas.o(.bss)
    .bss                                     0x200002e0   Section      228  rand.o(.bss)
    .bss                                     0x200003c4   Section       96  libspace.o(.bss)
    HEAP                                     0x20000428   Section        0  startup.o(HEAP)
    STACK                                    0x20000428   Section     1024  startup.o(STACK)
    HeapMem                                  0x20000428   Data           0  startup.o(HEAP)
    StackMem                                 0x20000428   Data           0  startup.o(STACK)

    Global Symbols

    Symbol Name                              Value     Ov Type        Size  Object(Section)

    BuildAttributes$$THM_ISAv4$E$P$D$K$B$S$7EM$PE$A:L22UL41UL21$X:L11$S22US41US21$IEEE1$IW$USESV6$~STKCKD$USESV7$~SHL$OSPACE$ROPI$EBA8$UX$STANDARDLIB$REQ8$PRES8$EABIv2 0x00000000   Number         0  anon$$obj.o ABSOLUTE
    __ARM_use_no_argv                        0x00000000   Number         0  spaceinvaders.o ABSOLUTE
    __Vectors                                0x00000000   Data           0  startup.o(RESET)
    __ARM_exceptions_init                     - Undefined Weak Reference
    __alloca_initialize                       - Undefined Weak Reference
    __cpp_initialize__aeabi_                  - Undefined Weak Reference
    __cxa_finalize                            - Undefined Weak Reference
    __rt_locale                               - Undefined Weak Reference
    __sigvec_lookup                           - Undefined Weak Reference
    _atexit_init                              - Undefined Weak Reference
    _call_atexit_fns                          - Undefined Weak Reference
    _clock_init                               - Undefined Weak Reference
    _fp_trap_init                             - Undefined Weak Reference
    _fp_trap_shutdown                         - Undefined Weak Reference
    _get_lc_collate                           - Undefined Weak Reference
    _get_lc_ctype                             - Undefined Weak Reference
    _get_lc_monetary                          - Undefined Weak Reference
    _get_lc_numeric                           - Undefined Weak Reference
    _get_lc_time                              - Undefined Weak Reference
    _getenv_init                              - Undefined Weak Reference
    _handle_redirection                       - Undefined Weak Reference
    _init_alloc                               - Undefined Weak Reference
    _init_user_alloc                          - Undefined Weak Reference
    _initio                                   - Undefined Weak Reference
    _signal_finish                            - Undefined Weak Reference
    _signal_init                              - Undefined Weak Reference
    _terminate_alloc                          - Undefined Weak Reference
    _terminate_user_alloc                     - Undefined Weak Reference
    _terminateio                              - Undefined Weak Reference
    Reset_Handler                            0x0000026d   Thumb Code     0  startup.o(RESET)
    NMI_Handler                              0x00000271   Thumb Code     2  startup.o(RESET)
    HardFault_Handler                        0x00000273   Thumb Code     2  startup.o(RESET)
    MemManage_Handler                        0x00000275   Thumb Code     2  startup.o(RESET)
    BusFault_Handler                         0x00000277   Thumb Code     2  startup.o(RESET)
    UsageFault_Handler                       0x00000279   Thumb Code     2  startup.o(RESET)
    SVC_Handler                              0x0000027b   Thumb Code     2  startup.o(RESET)
    DebugMon_Handler                         0x0000027d   Thumb Code     2  startup.o(RESET)
    PendSV_Handler                           0x0000027f   Thumb Code     2  startup.o(RESET)
    SysTick_Handler                          0x00000281   Thumb Code     2  startup.o(RESET)
    ADC0Seq0_Handler                         0x00000283   Thumb Code     0  startup.o(RESET)
    ADC0Seq1_Handler                         0x00000283   Thumb Code     0  startup.o(RESET)
    ADC0Seq2_Handler                         0x00000283   Thumb Code     0  startup.o(RESET)
    ADC0Seq3_Handler                         0x00000283   Thumb Code     0  startup.o(RESET)
    ADC1Seq0_Handler                         0x00000283   Thumb Code     0  startup.o(RESET)
    ADC1Seq1_Handler                         0x00000283   Thumb Code     0  startup.o(RESET)
    ADC1Seq2_Handler                         0x00000283   Thumb Code     0  startup.o(RESET)
    ADC1Seq3_Handler                         0x00000283   Thumb Code     0  startup.o(RESET)
    CAN0_Handler                             0x00000283   Thumb Code     0  startup.o(RESET)
    CAN1_Handler                             0x00000283   Thumb Code     0  startup.o(RESET)
    CAN2_Handler                             0x00000283   Thumb Code     0  startup.o(RESET)
    Comp0_Handler                            0x00000283   Thumb Code     0  startup.o(RESET)
    Comp1_Handler                            0x00000283   Thumb Code     0  startup.o(RESET)
    Comp2_Handler                            0x00000283   Thumb Code     0  startup.o(RESET)
    Ethernet_Handler                         0x00000283   Thumb Code     0  startup.o(RESET)
    ExtBus_Handler                           0x00000283   Thumb Code     0  startup.o(RESET)
    FPU_Handler                              0x00000283   Thumb Code     0  startup.o(RESET)
    Fan0_Handler                             0x00000283   Thumb Code     0  startup.o(RESET)
    FlashCtl_Handler                         0x00000283   Thumb Code     0  startup.o(RESET)
    GPIOPortA_Handler                        0x00000283   Thumb Code     0  startup.o(RESET)
    GPIOPortB_Handler                        0x00000283   Thumb Code     0  startup.o(RESET)
    GPIOPortC_Handler                        0x00000283   Thumb Code     0  startup.o(RESET)
    GPIOPortD_Handler                        0x00000283   Thumb Code     0  startup.o(RESET)
    GPIOPortE_Handler                        0x00000283   Thumb Code     0  startup.o(RESET)
    GPIOPortF_Handler                        0x00000283   Thumb Code     0  startup.o(RESET)
    GPIOPortG_Handler                        0x00000283   Thumb Code     0  startup.o(RESET)
    GPIOPortH_Handler                        0x00000283   Thumb Code     0  startup.o(RESET)
    GPIOPortJ_Handler                        0x00000283   Thumb Code     0  startup.o(RESET)
    GPIOPortK_Handler                        0x00000283   Thumb Code     0  startup.o(RESET)
    GPIOPortL_Handler                        0x00000283   Thumb Code     0  startup.o(RESET)
    GPIOPortM_Handler                        0x00000283   Thumb Code     0  startup.o(RESET)
    GPIOPortN_Handler                        0x00000283   Thumb Code     0  startup.o(RESET)
    GPIOPortP1_Handler                       0x00000283   Thumb Code     0  startup.o(RESET)
    GPIOPortP2_Handler                       0x00000283   Thumb Code     0  startup.o(RESET)
    GPIOPortP3_Handler                       0x00000283   Thumb Code     0  startup.o(RESET)
    GPIOPortP4_Handler                       0x00000283   Thumb Code     0  startup.o(RESET)
    GPIOPortP5_Handler                       0x00000283   Thumb Code     0  startup.o(RESET)
    GPIOPortP6_Handler                       0x00000283   Thumb Code     0  startup.o(RESET)
    GPIOPortP7_Handler                       0x00000283   Thumb Code     0  startup.o(RESET)
    GPIOPortP_Handler                        0x00000283   Thumb Code     0  startup.o(RESET)
    GPIOPortQ1_Handler                       0x00000283   Thumb Code     0  startup.o(RESET)
    GPIOPortQ2_Handler                       0x00000283   Thumb Code     0  startup.o(RESET)
    GPIOPortQ3_Handler                       0x00000283   Thumb Code     0  startup.o(RESET)
    GPIOPortQ4_Handler                       0x00000283   Thumb Code     0  startup.o(RESET)
    GPIOPortQ5_Handler                       0x00000283   Thumb Code     0  startup.o(RESET)
    GPIOPortQ6_Handler                       0x00000283   Thumb Code     0  startup.o(RESET)
    GPIOPortQ7_Handler                       0x00000283   Thumb Code     0  startup.o(RESET)
    GPIOPortQ_Handler                        0x00000283   Thumb Code     0  startup.o(RESET)
    GPIOPortR_Handler                        0x00000283   Thumb Code     0  startup.o(RESET)
    GPIOPortS_Handler                        0x00000283   Thumb Code     0  startup.o(RESET)
    Hibernate_Handler                        0x00000283   Thumb Code     0  startup.o(RESET)
    I2C0_Handler                             0x00000283   Thumb Code     0  startup.o(RESET)
    I2C1_Handler                             0x00000283   Thumb Code     0  startup.o(RESET)
    I2C2_Handler                             0x00000283   Thumb Code     0  startup.o(RESET)
    I2C3_Handler                             0x00000283   Thumb Code     0  startup.o(RESET)
    I2C4_Handler                             0x00000283   Thumb Code     0  startup.o(RESET)
    I2C5_Handler                             0x00000283   Thumb Code     0  startup.o(RESET)
    I2S0_Handler                             0x00000283   Thumb Code     0  startup.o(RESET)
    LPC0_Handler                             0x00000283   Thumb Code     0  startup.o(RESET)
    PECI0_Handler                            0x00000283   Thumb Code     0  startup.o(RESET)
    PWM0Fault_Handler                        0x00000283   Thumb Code     0  startup.o(RESET)
    PWM0Generator0_Handler                   0x00000283   Thumb Code     0  startup.o(RESET)
    PWM0Generator1_Handler                   0x00000283   Thumb Code     0  startup.o(RESET)
    PWM0Generator2_Handler                   0x00000283   Thumb Code     0  startup.o(RESET)
    PWM0Generator3_Handler                   0x00000283   Thumb Code     0  startup.o(RESET)
    PWM1Fault_Handler                        0x00000283   Thumb Code     0  startup.o(RESET)
    PWM1Generator0_Handler                   0x00000283   Thumb Code     0  startup.o(RESET)
    PWM1Generator1_Handler                   0x00000283   Thumb Code     0  startup.o(RESET)
    PWM1Generator2_Handler                   0x00000283   Thumb Code     0  startup.o(RESET)
    PWM1Generator3_Handler                   0x00000283   Thumb Code     0  startup.o(RESET)
    Quadrature0_Handler                      0x00000283   Thumb Code     0  startup.o(RESET)
    Quadrature1_Handler                      0x00000283   Thumb Code     0  startup.o(RESET)
    Quadrature2_Handler                      0x00000283   Thumb Code     0  startup.o(RESET)
    SSI0_Handler                             0x00000283   Thumb Code     0  startup.o(RESET)
    SSI1_Handler                             0x00000283   Thumb Code     0  startup.o(RESET)
    SSI2_Handler                             0x00000283   Thumb Code     0  startup.o(RESET)
    SSI3_Handler                             0x00000283   Thumb Code     0  startup.o(RESET)
    SysCtl_Handler                           0x00000283   Thumb Code     0  startup.o(RESET)
    Timer0A_Handler                          0x00000283   Thumb Code     0  startup.o(RESET)
    Timer0B_Handler                          0x00000283   Thumb Code     0  startup.o(RESET)
    Timer1A_Handler                          0x00000283   Thumb Code     0  startup.o(RESET)
    Timer1B_Handler                          0x00000283   Thumb Code     0  startup.o(RESET)
    Timer2A_Handler                          0x00000283   Thumb Code     0  startup.o(RESET)
    Timer2B_Handler                          0x00000283   Thumb Code     0  startup.o(RESET)
    Timer3A_Handler                          0x00000283   Thumb Code     0  startup.o(RESET)
    Timer3B_Handler                          0x00000283   Thumb Code     0  startup.o(RESET)
    Timer4B_Handler                          0x00000283   Thumb Code     0  startup.o(RESET)
    Timer5B_Handler                          0x00000283   Thumb Code     0  startup.o(RESET)
    UART0_Handler                            0x00000283   Thumb Code     0  startup.o(RESET)
    UART1_Handler                            0x00000283   Thumb Code     0  startup.o(RESET)
    UART2_Handler                            0x00000283   Thumb Code     0  startup.o(RESET)
    UART3_Handler                            0x00000283   Thumb Code     0  startup.o(RESET)
    UART4_Handler                            0x00000283   Thumb Code     0  startup.o(RESET)
    UART5_Handler                            0x00000283   Thumb Code     0  startup.o(RESET)
    UART6_Handler                            0x00000283   Thumb Code     0  startup.o(RESET)
    UART7_Handler                            0x00000283   Thumb Code     0  startup.o(RESET)
    USB0_Handler                             0x00000283   Thumb Code     0  startup.o(RESET)
    WDT_Handler                              0x00000283   Thumb Code     0  startup.o(RESET)
    WideTimer0A_Handler                      0x00000283   Thumb Code     0  startup.o(RESET)
    WideTimer0B_Handler                      0x00000283   Thumb Code     0  startup.o(RESET)
    WideTimer1A_Handler                      0x00000283   Thumb Code     0  startup.o(RESET)
    WideTimer1B_Handler                      0x00000283   Thumb Code     0  startup.o(RESET)
    WideTimer2A_Handler                      0x00000283   Thumb Code     0  startup.o(RESET)
    WideTimer2B_Handler                      0x00000283   Thumb Code     0  startup.o(RESET)
    WideTimer3A_Handler                      0x00000283   Thumb Code     0  startup.o(RESET)
    WideTimer3B_Handler                      0x00000283   Thumb Code     0  startup.o(RESET)
    WideTimer4A_Handler                      0x00000283   Thumb Code     0  startup.o(RESET)
    WideTimer4B_Handler                      0x00000283   Thumb Code     0  startup.o(RESET)
    WideTimer5A_Handler                      0x00000283   Thumb Code     0  startup.o(RESET)
    WideTimer5B_Handler                      0x00000283   Thumb Code     0  startup.o(RESET)
    uDMA_Error                               0x00000283   Thumb Code     0  startup.o(RESET)
    uDMA_Handler                             0x00000283   Thumb Code     0  startup.o(RESET)
    __main                                   0x00000285   Thumb Code     8  __main.o(!!!main)
    __scatterload                            0x0000028d   Thumb Code     0  __scatter.o(!!!scatter)
    __scatterload_rt2                        0x0000028d   Thumb Code    44  __scatter.o(!!!scatter)
    __scatterload_rt2_thumb_only             0x0000028d   Thumb Code     0  __scatter.o(!!!scatter)
    __scatterload_null                       0x0000029b   Thumb Code     0  __scatter.o(!!!scatter)
    __decompress                             0x000002c1   Thumb Code    90  __dczerorl2.o(!!dczerorl2)
    __decompress1                            0x000002c1   Thumb Code     0  __dczerorl2.o(!!dczerorl2)
    __scatterload_zeroinit                   0x0000031d   Thumb Code    28  __scatter_zi.o(!!handler_zi)
    __rt_lib_init                            0x00000339   Thumb Code     0  libinit.o(.ARM.Collect$$libinit$$00000000)
    __rt_lib_init_fp_1                       0x0000033b   Thumb Code     0  libinit2.o(.ARM.Collect$$libinit$$00000002)
    __rt_lib_init_heap_1                     0x0000033b   Thumb Code     0  libinit2.o(.ARM.Collect$$libinit$$00000008)
    __rt_lib_init_rand_2                     0x0000033b   Thumb Code     0  libinit2.o(.ARM.Collect$$libinit$$0000000B)
    __rt_lib_init_user_alloc_1               0x0000033b   Thumb Code     0  libinit2.o(.ARM.Collect$$libinit$$0000000A)
    __rt_lib_init_alloca_1                   0x0000033f   Thumb Code     0  libinit2.o(.ARM.Collect$$libinit$$0000002C)
    __rt_lib_init_argv_1                     0x0000033f   Thumb Code     0  libinit2.o(.ARM.Collect$$libinit$$0000002A)
    __rt_lib_init_atexit_1                   0x0000033f   Thumb Code     0  libinit2.o(.ARM.Collect$$libinit$$00000019)
    __rt_lib_init_clock_1                    0x0000033f   Thumb Code     0  libinit2.o(.ARM.Collect$$libinit$$0000001F)
    __rt_lib_init_cpp_1                      0x0000033f   Thumb Code     0  libinit2.o(.ARM.Collect$$libinit$$00000030)
    __rt_lib_init_exceptions_1               0x0000033f   Thumb Code     0  libinit2.o(.ARM.Collect$$libinit$$0000002E)
    __rt_lib_init_fp_trap_1                  0x0000033f   Thumb Code     0  libinit2.o(.ARM.Collect$$libinit$$0000001D)
    __rt_lib_init_getenv_1                   0x0000033f   Thumb Code     0  libinit2.o(.ARM.Collect$$libinit$$00000021)
    __rt_lib_init_lc_collate_1               0x0000033f   Thumb Code     0  libinit2.o(.ARM.Collect$$libinit$$0000000F)
    __rt_lib_init_lc_ctype_1                 0x0000033f   Thumb Code     0  libinit2.o(.ARM.Collect$$libinit$$00000011)
    __rt_lib_init_lc_monetary_1              0x0000033f   Thumb Code     0  libinit2.o(.ARM.Collect$$libinit$$00000013)
    __rt_lib_init_lc_numeric_1               0x0000033f   Thumb Code     0  libinit2.o(.ARM.Collect$$libinit$$00000015)
    __rt_lib_init_lc_time_1                  0x0000033f   Thumb Code     0  libinit2.o(.ARM.Collect$$libinit$$00000017)
    __rt_lib_init_rand_1                     0x0000033f   Thumb Code     0  libinit2.o(.ARM.Collect$$libinit$$0000000C)
    __rt_lib_init_return                     0x0000033f   Thumb Code     0  libinit2.o(.ARM.Collect$$libinit$$00000031)
    __rt_lib_init_signal_1                   0x0000033f   Thumb Code     0  libinit2.o(.ARM.Collect$$libinit$$0000001B)
    __rt_lib_init_stdio_1                    0x0000033f   Thumb Code     0  libinit2.o(.ARM.Collect$$libinit$$00000023)
    __rt_lib_shutdown                        0x00000341   Thumb Code     0  libshutdown.o(.ARM.Collect$$libshutdown$$00000000)
    __rt_lib_shutdown_fp_trap_1              0x00000343   Thumb Code     0  libshutdown2.o(.ARM.Collect$$libshutdown$$00000006)
    __rt_lib_shutdown_heap_1                 0x00000343   Thumb Code     0  libshutdown2.o(.ARM.Collect$$libshutdown$$0000000E)
    __rt_lib_shutdown_return                 0x00000343   Thumb Code     0  libshutdown2.o(.ARM.Collect$$libshutdown$$0000000F)
    __rt_lib_shutdown_signal_1               0x00000343   Thumb Code     0  libshutdown2.o(.ARM.Collect$$libshutdown$$00000009)
    __rt_lib_shutdown_stdio_1                0x00000343   Thumb Code     0  libshutdown2.o(.ARM.Collect$$libshutdown$$00000003)
    __rt_lib_shutdown_user_alloc_1           0x00000343   Thumb Code     0  libshutdown2.o(.ARM.Collect$$libshutdown$$0000000B)
    __rt_entry                               0x00000345   Thumb Code     0  rtentry.o(.ARM.Collect$$rtentry$$00000000)
    __rt_entry_presh_1                       0x00000345   Thumb Code     0  rtentry2.o(.ARM.Collect$$rtentry$$00000002)
    __rt_entry_sh                            0x00000345   Thumb Code     0  rtentry4.o(.ARM.Collect$$rtentry$$00000004)
    __rt_entry_li                            0x0000034b   Thumb Code     0  rtentry2.o(.ARM.Collect$$rtentry$$0000000A)
    __rt_entry_postsh_1                      0x0000034b   Thumb Code     0  rtentry2.o(.ARM.Collect$$rtentry$$00000009)
    __rt_entry_main                          0x0000034f   Thumb Code     0  rtentry2.o(.ARM.Collect$$rtentry$$0000000D)
    __rt_entry_postli_1                      0x0000034f   Thumb Code     0  rtentry2.o(.ARM.Collect$$rtentry$$0000000C)
    __rt_exit                                0x00000357   Thumb Code     0  rtexit.o(.ARM.Collect$$rtexit$$00000000)
    __rt_exit_ls                             0x00000359   Thumb Code     0  rtexit2.o(.ARM.Collect$$rtexit$$00000003)
    __rt_exit_prels_1                        0x00000359   Thumb Code     0  rtexit2.o(.ARM.Collect$$rtexit$$00000002)
    __rt_exit_exit                           0x0000035d   Thumb Code     0  rtexit2.o(.ARM.Collect$$rtexit$$00000004)
    rand                                     0x00000365   Thumb Code    48  rand.o(.emb_text)
    DisableInterrupts                        0x00000399   Thumb Code     0  startup.o(.text)
    EnableInterrupts                         0x0000039d   Thumb Code     0  startup.o(.text)
    StartCritical                            0x000003a1   Thumb Code     0  startup.o(.text)
    EndCritical                              0x000003a9   Thumb Code     0  startup.o(.text)
    WaitForInterrupt                         0x000003af   Thumb Code     0  startup.o(.text)
    __user_initial_stackheap                 0x000003b3   Thumb Code     0  startup.o(.text)
    Random_Init                              0x000003c9   Thumb Code     0  random.o(.text)
    Random32                                 0x000003d3   Thumb Code     2  random.o(.text)
    Random                                   0x000003e5   Thumb Code     2  random.o(.text)
    srand                                    0x00000409   Thumb Code    42  rand.o(.text)
    _rand_init                               0x00000433   Thumb Code     4  rand.o(.text)
    __use_two_region_memory                  0x00000445   Thumb Code     2  heapauxi.o(.text)
    __rt_heap_escrow$2region                 0x00000447   Thumb Code     2  heapauxi.o(.text)
    __rt_heap_expand$2region                 0x00000449   Thumb Code     2  heapauxi.o(.text)
    __user_setup_stackheap                   0x0000044b   Thumb Code    74  sys_stackheap_outer.o(.text)
    exit                                     0x00000495   Thumb Code    12  exit.o(.text)
    __user_libspace                          0x000004a1   Thumb Code     8  libspace.o(.text)
    __user_perproc_libspace                  0x000004a1   Thumb Code     0  libspace.o(.text)
    __user_perthread_libspace                0x000004a1   Thumb Code     0  libspace.o(.text)
    __I$use$semihosting                      0x000004a9   Thumb Code     0  use_no_semi.o(.text)
    __use_no_semihosting_swi                 0x000004a9   Thumb Code     2  use_no_semi.o(.text)
    __semihosting_library_function           0x000004ab   Thumb Code     0  indicate_semi.o(.text)
    _sys_exit                                0x000004ad   Thumb Code     8  sys_exit.o(.text)
    ADC1_In                                  0x000004b9   Thumb Code     6  texas.o(i.ADC1_In)
    ADC1_Init                                0x000004c5   Thumb Code   174  texas.o(i.ADC1_Init)
    Delay1ms                                 0x00000599   Thumb Code    32  spaceinvaders.o(i.Delay1ms)
    PLL_Init                                 0x000005b9   Thumb Code   118  texas.o(i.PLL_Init)
    PortF_Init                               0x00000635   Thumb Code   150  spaceinvaders.o(i.PortF_Init)
    SetCode                                  0x000006f9   Thumb Code    20  texas.o(i.SetCode)
    SetCourse                                0x00000711   Thumb Code    20  texas.o(i.SetCourse)
    TExaS_Init                               0x00000729   Thumb Code   324  texas.o(i.TExaS_Init)
    Timer4A_Handler                          0x000008ed   Thumb Code    20  texas.o(i.Timer4A_Handler)
    Timer5A_Handler                          0x0000090d   Thumb Code    34  texas.o(i.Timer5A_Handler)
    UART0_Init                               0x0000093d   Thumb Code   160  texas.o(i.UART0_Init)
    UART_InChar                              0x000009fd   Thumb Code    20  spaceinvaders.o(i.UART_InChar)
    UART_Init                                0x00000a15   Thumb Code   140  spaceinvaders.o(i.UART_Init)
    UART_OutChar                             0x00000ab9   Thumb Code    18  spaceinvaders.o(i.UART_OutChar)
    ai                                       0x00000ad1   Thumb Code   388  spaceinvaders.o(i.ai)
    board_init                               0x00000c5d   Thumb Code    62  spaceinvaders.o(i.board_init)
    board_tie                                0x00000cad   Thumb Code    28  spaceinvaders.o(i.board_tie)
    cell                                     0x00000ccd   Thumb Code   182  spaceinvaders.o(i.cell)
    clone_board                              0x00000d99   Thumb Code    44  spaceinvaders.o(i.clone_board)
    clone_tops                               0x00000dc5   Thumb Code    22  spaceinvaders.o(i.clone_tops)
    dis                                      0x00000ddb   Thumb Code    38  graph_lcd.o(i.dis)
    draw_select                              0x00000e01   Thumb Code    44  spaceinvaders.o(i.draw_select)
    gameover                                 0x00000e2d   Thumb Code    62  spaceinvaders.o(i.gameover)
    lcd_Char_TR                              0x00000e79   Thumb Code    40  graph_lcd.o(i.lcd_Char_TR)
    lcd_SetCursor                            0x00000ea5   Thumb Code    34  graph_lcd.o(i.lcd_SetCursor)
    lcd_Str_TR                               0x00000ec9   Thumb Code    52  graph_lcd.o(i.lcd_Str_TR)
    lcd_clear                                0x00000f01   Thumb Code    24  graph_lcd.o(i.lcd_clear)
    lcd_cmd_TR                               0x00000f19   Thumb Code    28  graph_lcd.o(i.lcd_cmd_TR)
    lcd_data_TR                              0x00000f39   Thumb Code    28  graph_lcd.o(i.lcd_data_TR)
    lcd_init                                 0x00000f59   Thumb Code   158  graph_lcd.o(i.lcd_init)
    main                                     0x00001005   Thumb Code   434  spaceinvaders.o(i.main)
    play                                     0x000011dd   Thumb Code   142  spaceinvaders.o(i.play)
    play_clone                               0x00001281   Thumb Code    46  spaceinvaders.o(i.play_clone)
    read_buttons                             0x000012b1   Thumb Code   268  spaceinvaders.o(i.read_buttons)
    render                                   0x000013d5   Thumb Code    20  spaceinvaders.o(i.render)
    render_board                             0x000013e9   Thumb Code    78  spaceinvaders.o(i.render_board)
    render_gameover                          0x0000143d   Thumb Code    62  spaceinvaders.o(i.render_gameover)
    render_start                             0x000014a9   Thumb Code    60  spaceinvaders.o(i.render_start)
    renderer_init                            0x00001505   Thumb Code    14  spaceinvaders.o(i.renderer_init)
    select                                   0x00001515   Thumb Code    20  spaceinvaders.o(i.select)
    select_vertical                          0x00001531   Thumb Code    44  spaceinvaders.o(i.select_vertical)
    ssi0_spi_TR                              0x0000155d   Thumb Code    30  ssi0_spi.o(i.ssi0_spi_TR)
    ssi0_spi_init                            0x00001581   Thumb Code   156  ssi0_spi.o(i.ssi0_spi_init)
    win                                      0x00001645   Thumb Code   556  spaceinvaders.o(i.win)
    NoInputMsg                               0x00001898   Data          40  texas.o(.constdata)
    OutputPortMsg0                           0x000018c0   Data          40  texas.o(.constdata)
    OutputPortMsg1                           0x000018e8   Data          40  texas.o(.constdata)
    OutputPortMsg2                           0x00001910   Data          40  texas.o(.constdata)
    OutputPortMsg3                           0x00001938   Data          40  texas.o(.constdata)
    BlankMsg                                 0x00001960   Data          40  texas.o(.constdata)
    InitializedMsg                           0x00001988   Data          40  texas.o(.constdata)
    IntroMsg                                 0x000019b0   Data          40  texas.o(.constdata)
    DoneMsg                                  0x000019d8   Data          40  texas.o(.constdata)
    Region$$Table$$Base                      0x00001be0   Number         0  anon$$obj.o(Region$$Table)
    Region$$Table$$Limit                     0x00001c00   Number         0  anon$$obj.o(Region$$Table)
    start                                    0x20000010   Data         504  spaceinvaders.o(.data)
    players                                  0x20000208   Data           2  spaceinvaders.o(.data)
    selected                                 0x2000020c   Data           4  spaceinvaders.o(.data)
    player                                   0x20000210   Data           4  spaceinvaders.o(.data)
    ai_player                                0x20000214   Data           4  spaceinvaders.o(.data)
    winner                                   0x20000218   Data           4  spaceinvaders.o(.data)
    mode                                     0x2000021c   Data           4  spaceinvaders.o(.data)
    seed                                     0x20000220   Data           4  spaceinvaders.o(.data)
    TExaS_Period                             0x20000224   Data           4  texas.o(.data)
    TExaS_Ports                              0x20000228   Data           8  texas.o(.data)
    Display                                  0x20000230   Data           1  texas.o(.data)
    TExaS_Meter                              0x20000234   Data           4  texas.o(.data)
    ADCnum                                   0x20000238   Data           4  texas.o(.data)
    LastMode                                 0x2000023c   Data           4  texas.o(.data)
    bFlag                                    0x20000240   Data           4  texas.o(.data)
    Count                                    0x20000244   Data           4  texas.o(.data)
    DelayBetweenTests                        0x20000248   Data           4  texas.o(.data)
    TExaS_Test                               0x2000024c   Data           4  texas.o(.data)
    ScopeMode                                0x20000250   Data           4  texas.o(.data)
    ScopeCount                               0x20000254   Data           4  texas.o(.data)
    board                                    0x2000025c   Data          42  spaceinvaders.o(.bss)
    tops                                     0x20000288   Data          28  spaceinvaders.o(.bss)
    TExaS                                    0x200002a8   Data          56  texas.o(.bss)
    _random_number_data                      0x200002e0   Data         228  rand.o(.bss)
    __libspace_start                         0x200003c4   Data          96  libspace.o(.bss)
    __temporary_stack_top$libspace           0x20000424   Data           0  libspace.o(.bss)



==============================================================================

Memory Map of the image

  Image Entry point : 0x0000026d

  Load Region LR_1 (Base: 0x00000000, Size: 0x00001e5c, Max: 0xffffffff, ABSOLUTE, COMPRESSED[0x00001c5c])

    Execution Region ER_RO (Base: 0x00000000, Size: 0x00001c00, Max: 0xffffffff, ABSOLUTE)

    Base Addr    Size         Type   Attr      Idx    E Section Name        Object

    0x00000000   0x00000284   Code   RO            3  * RESET               startup.o
    0x00000284   0x00000008   Code   RO          492  * !!!main             c_w.l(__main.o)
    0x0000028c   0x00000034   Code   RO          648    !!!scatter          c_w.l(__scatter.o)
    0x000002c0   0x0000005a   Code   RO          646    !!dczerorl2         c_w.l(__dczerorl2.o)
    0x0000031a   0x00000002   PAD
    0x0000031c   0x0000001c   Code   RO          650    !!handler_zi        c_w.l(__scatter_zi.o)
    0x00000338   0x00000002   Code   RO          570    .ARM.Collect$$libinit$$00000000  c_w.l(libinit.o)
    0x0000033a   0x00000000   Code   RO          496    .ARM.Collect$$libinit$$00000002  c_w.l(libinit2.o)
    0x0000033a   0x00000000   Code   RO          499    .ARM.Collect$$libinit$$00000008  c_w.l(libinit2.o)
    0x0000033a   0x00000000   Code   RO          501    .ARM.Collect$$libinit$$0000000A  c_w.l(libinit2.o)
    0x0000033a   0x00000004   Code   RO          502    .ARM.Collect$$libinit$$0000000B  c_w.l(libinit2.o)
    0x0000033e   0x00000000   Code   RO          503    .ARM.Collect$$libinit$$0000000C  c_w.l(libinit2.o)
    0x0000033e   0x00000000   Code   RO          506    .ARM.Collect$$libinit$$0000000F  c_w.l(libinit2.o)
    0x0000033e   0x00000000   Code   RO          508    .ARM.Collect$$libinit$$00000011  c_w.l(libinit2.o)
    0x0000033e   0x00000000   Code   RO          510    .ARM.Collect$$libinit$$00000013  c_w.l(libinit2.o)
    0x0000033e   0x00000000   Code   RO          512    .ARM.Collect$$libinit$$00000015  c_w.l(libinit2.o)
    0x0000033e   0x00000000   Code   RO          514    .ARM.Collect$$libinit$$00000017  c_w.l(libinit2.o)
    0x0000033e   0x00000000   Code   RO          516    .ARM.Collect$$libinit$$00000019  c_w.l(libinit2.o)
    0x0000033e   0x00000000   Code   RO          518    .ARM.Collect$$libinit$$0000001B  c_w.l(libinit2.o)
    0x0000033e   0x00000000   Code   RO          520    .ARM.Collect$$libinit$$0000001D  c_w.l(libinit2.o)
    0x0000033e   0x00000000   Code   RO          522    .ARM.Collect$$libinit$$0000001F  c_w.l(libinit2.o)
    0x0000033e   0x00000000   Code   RO          524    .ARM.Collect$$libinit$$00000021  c_w.l(libinit2.o)
    0x0000033e   0x00000000   Code   RO          526    .ARM.Collect$$libinit$$00000023  c_w.l(libinit2.o)
    0x0000033e   0x00000000   Code   RO          530    .ARM.Collect$$libinit$$0000002A  c_w.l(libinit2.o)
    0x0000033e   0x00000000   Code   RO          532    .ARM.Collect$$libinit$$0000002C  c_w.l(libinit2.o)
    0x0000033e   0x00000000   Code   RO          534    .ARM.Collect$$libinit$$0000002E  c_w.l(libinit2.o)
    0x0000033e   0x00000000   Code   RO          536    .ARM.Collect$$libinit$$00000030  c_w.l(libinit2.o)
    0x0000033e   0x00000002   Code   RO          537    .ARM.Collect$$libinit$$00000031  c_w.l(libinit2.o)
    0x00000340   0x00000002   Code   RO          608    .ARM.Collect$$libshutdown$$00000000  c_w.l(libshutdown.o)
    0x00000342   0x00000000   Code   RO          615    .ARM.Collect$$libshutdown$$00000003  c_w.l(libshutdown2.o)
    0x00000342   0x00000000   Code   RO          618    .ARM.Collect$$libshutdown$$00000006  c_w.l(libshutdown2.o)
    0x00000342   0x00000000   Code   RO          621    .ARM.Collect$$libshutdown$$00000009  c_w.l(libshutdown2.o)
    0x00000342   0x00000000   Code   RO          623    .ARM.Collect$$libshutdown$$0000000B  c_w.l(libshutdown2.o)
    0x00000342   0x00000000   Code   RO          626    .ARM.Collect$$libshutdown$$0000000E  c_w.l(libshutdown2.o)
    0x00000342   0x00000002   Code   RO          627    .ARM.Collect$$libshutdown$$0000000F  c_w.l(libshutdown2.o)
    0x00000344   0x00000000   Code   RO          494    .ARM.Collect$$rtentry$$00000000  c_w.l(rtentry.o)
    0x00000344   0x00000000   Code   RO          539    .ARM.Collect$$rtentry$$00000002  c_w.l(rtentry2.o)
    0x00000344   0x00000006   Code   RO          551    .ARM.Collect$$rtentry$$00000004  c_w.l(rtentry4.o)
    0x0000034a   0x00000000   Code   RO          541    .ARM.Collect$$rtentry$$00000009  c_w.l(rtentry2.o)
    0x0000034a   0x00000004   Code   RO          542    .ARM.Collect$$rtentry$$0000000A  c_w.l(rtentry2.o)
    0x0000034e   0x00000000   Code   RO          544    .ARM.Collect$$rtentry$$0000000C  c_w.l(rtentry2.o)
    0x0000034e   0x00000008   Code   RO          545    .ARM.Collect$$rtentry$$0000000D  c_w.l(rtentry2.o)
    0x00000356   0x00000002   Code   RO          576    .ARM.Collect$$rtexit$$00000000  c_w.l(rtexit.o)
    0x00000358   0x00000000   Code   RO          588    .ARM.Collect$$rtexit$$00000002  c_w.l(rtexit2.o)
    0x00000358   0x00000004   Code   RO          589    .ARM.Collect$$rtexit$$00000003  c_w.l(rtexit2.o)
    0x0000035c   0x00000006   Code   RO          590    .ARM.Collect$$rtexit$$00000004  c_w.l(rtexit2.o)
    0x00000362   0x00000002   PAD
    0x00000364   0x00000034   Code   RO          485    .emb_text           c_w.l(rand.o)
    0x00000398   0x00000030   Code   RO            4    .text               startup.o
    0x000003c8   0x00000040   Code   RO           92    .text               random.o
    0x00000408   0x0000003c   Code   RO          486    .text               c_w.l(rand.o)
    0x00000444   0x00000006   Code   RO          490    .text               c_w.l(heapauxi.o)
    0x0000044a   0x0000004a   Code   RO          557    .text               c_w.l(sys_stackheap_outer.o)
    0x00000494   0x0000000c   Code   RO          559    .text               c_w.l(exit.o)
    0x000004a0   0x00000008   Code   RO          573    .text               c_w.l(libspace.o)
    0x000004a8   0x00000002   Code   RO          584    .text               c_w.l(use_no_semi.o)
    0x000004aa   0x00000000   Code   RO          586    .text               c_w.l(indicate_semi.o)
    0x000004aa   0x00000002   PAD
    0x000004ac   0x0000000c   Code   RO          600    .text               c_w.l(sys_exit.o)
    0x000004b8   0x0000000c   Code   RO          287    i.ADC1_In           texas.o
    0x000004c4   0x000000d4   Code   RO          288    i.ADC1_Init         texas.o
    0x00000598   0x00000020   Code   RO           95    i.Delay1ms          spaceinvaders.o
    0x000005b8   0x0000007c   Code   RO          289    i.PLL_Init          texas.o
    0x00000634   0x000000c4   Code   RO           96    i.PortF_Init        spaceinvaders.o
    0x000006f8   0x00000018   Code   RO          290    i.SetCode           texas.o
    0x00000710   0x00000018   Code   RO          291    i.SetCourse         texas.o
    0x00000728   0x000001c4   Code   RO          295    i.TExaS_Init        texas.o
    0x000008ec   0x00000020   Code   RO          297    i.Timer4A_Handler   texas.o
    0x0000090c   0x00000030   Code   RO          298    i.Timer5A_Handler   texas.o
    0x0000093c   0x000000c0   Code   RO          301    i.UART0_Init        texas.o
    0x000009fc   0x00000018   Code   RO           97    i.UART_InChar       spaceinvaders.o
    0x00000a14   0x000000a4   Code   RO           98    i.UART_Init         spaceinvaders.o
    0x00000ab8   0x00000018   Code   RO           99    i.UART_OutChar      spaceinvaders.o
    0x00000ad0   0x0000018c   Code   RO          100    i.ai                spaceinvaders.o
    0x00000c5c   0x00000050   Code   RO          101    i.board_init        spaceinvaders.o
    0x00000cac   0x00000020   Code   RO          102    i.board_tie         spaceinvaders.o
    0x00000ccc   0x000000cc   Code   RO          103    i.cell              spaceinvaders.o
    0x00000d98   0x0000002c   Code   RO          104    i.clone_board       spaceinvaders.o
    0x00000dc4   0x00000016   Code   RO          105    i.clone_tops        spaceinvaders.o
    0x00000dda   0x00000026   Code   RO          427    i.dis               graph_lcd.o
    0x00000e00   0x0000002c   Code   RO          106    i.draw_select       spaceinvaders.o
    0x00000e2c   0x0000004c   Code   RO          107    i.gameover          spaceinvaders.o
    0x00000e78   0x0000002c   Code   RO          428    i.lcd_Char_TR       graph_lcd.o
    0x00000ea4   0x00000022   Code   RO          429    i.lcd_SetCursor     graph_lcd.o
    0x00000ec6   0x00000002   PAD
    0x00000ec8   0x00000038   Code   RO          430    i.lcd_Str_TR        graph_lcd.o
    0x00000f00   0x00000018   Code   RO          431    i.lcd_clear         graph_lcd.o
    0x00000f18   0x00000020   Code   RO          432    i.lcd_cmd_TR        graph_lcd.o
    0x00000f38   0x00000020   Code   RO          433    i.lcd_data_TR       graph_lcd.o
    0x00000f58   0x000000ac   Code   RO          434    i.lcd_init          graph_lcd.o
    0x00001004   0x000001d8   Code   RO          108    i.main              spaceinvaders.o
    0x000011dc   0x000000a4   Code   RO          109    i.play              spaceinvaders.o
    0x00001280   0x0000002e   Code   RO          110    i.play_clone        spaceinvaders.o
    0x000012ae   0x00000002   PAD
    0x000012b0   0x00000124   Code   RO          111    i.read_buttons      spaceinvaders.o
    0x000013d4   0x00000014   Code   RO          112    i.render            spaceinvaders.o
    0x000013e8   0x00000054   Code   RO          113    i.render_board      spaceinvaders.o
    0x0000143c   0x0000006c   Code   RO          114    i.render_gameover   spaceinvaders.o
    0x000014a8   0x0000005c   Code   RO          115    i.render_start      spaceinvaders.o
    0x00001504   0x0000000e   Code   RO          116    i.renderer_init     spaceinvaders.o
    0x00001512   0x00000002   PAD
    0x00001514   0x0000001c   Code   RO          117    i.select            spaceinvaders.o
    0x00001530   0x0000002c   Code   RO          118    i.select_vertical   spaceinvaders.o
    0x0000155c   0x00000024   Code   RO          406    i.ssi0_spi_TR       ssi0_spi.o
    0x00001580   0x000000c4   Code   RO          407    i.ssi0_spi_init     ssi0_spi.o
    0x00001644   0x00000234   Code   RO          119    i.win               spaceinvaders.o
    0x00001878   0x00000020   Data   RO          121    .constdata          spaceinvaders.o
    0x00001898   0x00000168   Data   RO          306    .constdata          texas.o
    0x00001a00   0x000001e0   Data   RO          435    .constdata          graph_lcd.o
    0x00001be0   0x00000020   Data   RO          644    Region$$Table       anon$$obj.o


    Execution Region ER_RW (Base: 0x20000000, Size: 0x0000025c, Max: 0xffffffff, ABSOLUTE, COMPRESSED[0x0000005c])

    Base Addr    Size         Type   Attr      Idx    E Section Name        Object

    0x20000000   0x00000224   Data   RW          122    .data               spaceinvaders.o
    0x20000224   0x00000034   Data   RW          307    .data               texas.o
    0x20000258   0x00000004   Data   RW           91    DATA                random.o


    Execution Region ER_ZI (Base: 0x2000025c, Size: 0x000005cc, Max: 0xffffffff, ABSOLUTE)

    Base Addr    Size         Type   Attr      Idx    E Section Name        Object

    0x2000025c   0x00000048   Zero   RW          120    .bss                spaceinvaders.o
    0x200002a4   0x00000004   PAD
    0x200002a8   0x00000038   Zero   RW          305    .bss                texas.o
    0x200002e0   0x000000e4   Zero   RW          487    .bss                c_w.l(rand.o)
    0x200003c4   0x00000060   Zero   RW          574    .bss                c_w.l(libspace.o)
    0x20000424   0x00000004   PAD
    0x20000428   0x00000000   Zero   RW            2    HEAP                startup.o
    0x20000428   0x00000400   Zero   RW            1    STACK               startup.o


==============================================================================

Image component sizes


      Code (inc. data)   RO Data    RW Data    ZI Data      Debug   Object Name

       432         30        480          0          0       3943   graph_lcd.o
         0          0          0          0          0       1444   nokia5110.o
        64         14          0          4          0        188   random.o
      3266        330         32        548         72      15080   spaceinvaders.o
       232         46          0          0          0        866   ssi0_spi.o
       692        632          0          0       1024        876   startup.o
      1120        244        360         52         56      15428   texas.o

    ----------------------------------------------------------------------
      5812       1296        904        604       1156      37825   Object Totals
         0          0         32          0          0          0   (incl. Generated)
         6          0          0          0          4          0   (incl. Padding)

    ----------------------------------------------------------------------

      Code (inc. data)   RO Data    RW Data    ZI Data      Debug   Library Member Name

        90          0          0          0          0          0   __dczerorl2.o
         8          0          0          0          0         68   __main.o
        52          8          0          0          0          0   __scatter.o
        28          0          0          0          0          0   __scatter_zi.o
        12          0          0          0          0         72   exit.o
         6          0          0          0          0        152   heapauxi.o
         0          0          0          0          0          0   indicate_semi.o
         2          0          0          0          0          0   libinit.o
         6          0          0          0          0          0   libinit2.o
         2          0          0          0          0          0   libshutdown.o
         2          0          0          0          0          0   libshutdown2.o
         8          4          0          0         96         68   libspace.o
       112         18          0          0        228        160   rand.o
         0          0          0          0          0          0   rtentry.o
        12          0          0          0          0          0   rtentry2.o
         6          0          0          0          0          0   rtentry4.o
         2          0          0          0          0          0   rtexit.o
        10          0          0          0          0          0   rtexit2.o
        12          4          0          0          0         68   sys_exit.o
        74          0          0          0          0         80   sys_stackheap_outer.o
         2          0          0          0          0         68   use_no_semi.o

    ----------------------------------------------------------------------
       452         34          0          0        328        736   Library Totals
         6          0          0          0          4          0   (incl. Padding)

    ----------------------------------------------------------------------

      Code (inc. data)   RO Data    RW Data    ZI Data      Debug   Library Name

       446         34          0          0        324        736   c_w.l

    ----------------------------------------------------------------------
       452         34          0          0        328        736   Library Totals

    ----------------------------------------------------------------------

==============================================================================


      Code (inc. data)   RO Data    RW Data    ZI Data      Debug   

      6264       1330        904        604       1484      36013   Grand Totals
      6264       1330        904         92       1484      36013   ELF Image Totals (compressed)
      6264       1330        904         92          0          0   ROM Totals

==============================================================================

    Total RO  Size (Code + RO Data)                 7168 (   7.00kB)
    Total RW  Size (RW Data + ZI Data)              2088 (   2.04kB)
    Total ROM Size (Code + RO Data + RW Data)       7260 (   7.09kB)

==============================================================================

